FILE_TYPE=LIBRARY_PARTS;
PRIMITIVE 'XAL5050_103MEC','XAL5050_103MEC_Other';
  PIN
    '1':
      PIN_NUMBER='(1)';
      NO_LOAD_CHECK=BOTH;
      NO_IO_CHECK=BOTH;
      ALLOW_CONNECT=TRUE;
      PINUSE='UNSPEC';
    '2':
      PIN_NUMBER='(2)';
      NO_LOAD_CHECK=BOTH;
      NO_IO_CHECK=BOTH;
      ALLOW_CONNECT=TRUE;
      PINUSE='UNSPEC';
  END_PIN;
  BODY
    PART_NAME='XAL5050_103MEC';
    PHYS_DES_PREFIX='L';
    NO_LOAD_CHECK='TRUE';
    PIN_COUNT='2';
    BODY_NAME='XAL5050_103MEC';
    JEDEC_TYPE='XAL5050103MEC';
  END_BODY;
END_PRIMITIVE;
END.
